error: `extract_msrv_attr!` macro missing from `EarlyLintPass` implementation
  --> $DIR/invalid_msrv_attr_impl.rs:32:1
   |
LL | / impl EarlyLintPass for Pass {
LL | |     fn check_expr(&mut self, _: &EarlyContext<'_>, _: &rustc_ast::Expr) {}
LL | | }
   | |_^
   |
note: the lint level is defined here
  --> $DIR/invalid_msrv_attr_impl.rs:1:9
   |
LL | #![deny(clippy::internal)]
   |         ^^^^^^^^^^^^^^^^
   = note: `#[deny(clippy::missing_msrv_attr_impl)]` implied by `#[deny(clippy::internal)]`
help: add `extract_msrv_attr!()` to the `EarlyLintPass` implementation
   |
LL + 
LL +     extract_msrv_attr!();
LL + }
   |

error: aborting due to previous error

