error: a `const` item with interior mutability should not be borrowed
  --> tests/ui/borrow_interior_mutable_const/others.rs:54:5
   |
LL |     ATOMIC.store(1, Ordering::SeqCst);
   |     ^^^^^^
   |
   = help: assign this const to a local or static variable, and use the variable here
note: the lint level is defined here
  --> tests/ui/borrow_interior_mutable_const/others.rs:1:9
   |
LL | #![deny(clippy::borrow_interior_mutable_const)]
   |         ^^^^^^^^^^^^^^^^^^^^^^^^^^^^^^^^^^^^^

error: a `const` item with interior mutability should not be borrowed
  --> tests/ui/borrow_interior_mutable_const/others.rs:55:16
   |
LL |     assert_eq!(ATOMIC.load(Ordering::SeqCst), 5);
   |                ^^^^^^
   |
   = help: assign this const to a local or static variable, and use the variable here

error: a `const` item with interior mutability should not be borrowed
  --> tests/ui/borrow_interior_mutable_const/others.rs:58:21
   |
LL |     let _once_ref = &ONCE_INIT;
   |                     ^^^^^^^^^^
   |
   = help: assign this const to a local or static variable, and use the variable here

error: a `const` item with interior mutability should not be borrowed
  --> tests/ui/borrow_interior_mutable_const/others.rs:59:24
   |
LL |     let _once_ref_2 = &&ONCE_INIT;
   |                        ^^^^^^^^^^
   |
   = help: assign this const to a local or static variable, and use the variable here

error: a `const` item with interior mutability should not be borrowed
  --> tests/ui/borrow_interior_mutable_const/others.rs:60:26
   |
LL |     let _once_ref_4 = &&&&ONCE_INIT;
   |                          ^^^^^^^^^^
   |
   = help: assign this const to a local or static variable, and use the variable here

error: a `const` item with interior mutability should not be borrowed
  --> tests/ui/borrow_interior_mutable_const/others.rs:61:21
   |
LL |     let _once_mut = &mut ONCE_INIT;
   |                     ^^^^^^^^^^^^^^
   |
   = help: assign this const to a local or static variable, and use the variable here

error: a `const` item with interior mutability should not be borrowed
  --> tests/ui/borrow_interior_mutable_const/others.rs:72:13
   |
LL |     let _ = &ATOMIC_TUPLE;
   |             ^^^^^^^^^^^^^
   |
   = help: assign this const to a local or static variable, and use the variable here

error: a `const` item with interior mutability should not be borrowed
  --> tests/ui/borrow_interior_mutable_const/others.rs:73:13
   |
LL |     let _ = &ATOMIC_TUPLE.0;
   |             ^^^^^^^^^^^^^^^
   |
   = help: assign this const to a local or static variable, and use the variable here

error: a `const` item with interior mutability should not be borrowed
  --> tests/ui/borrow_interior_mutable_const/others.rs:74:18
   |
LL |     let _ = &(&&&&ATOMIC_TUPLE).0;
   |                  ^^^^^^^^^^^^^
   |
   = help: assign this const to a local or static variable, and use the variable here

error: a `const` item with interior mutability should not be borrowed
  --> tests/ui/borrow_interior_mutable_const/others.rs:75:13
   |
LL |     let _ = &ATOMIC_TUPLE.0[0];
   |             ^^^^^^^^^^^^^^^^^^
   |
   = help: assign this const to a local or static variable, and use the variable here

error: a `const` item with interior mutability should not be borrowed
  --> tests/ui/borrow_interior_mutable_const/others.rs:76:13
   |
LL |     let _ = ATOMIC_TUPLE.0[0].load(Ordering::SeqCst);
   |             ^^^^^^^^^^^^^^^^^
   |
   = help: assign this const to a local or static variable, and use the variable here

error: a `const` item with interior mutability should not be borrowed
  --> tests/ui/borrow_interior_mutable_const/others.rs:79:17
   |
LL |     let _ = (&&&&ATOMIC_TUPLE).0;
   |                 ^^^^^^^^^^^^^
   |
   = help: assign this const to a local or static variable, and use the variable here

error: a `const` item with interior mutability should not be borrowed
  --> tests/ui/borrow_interior_mutable_const/others.rs:80:17
   |
LL |     let _ = (&&&&ATOMIC_TUPLE).2;
   |                 ^^^^^^^^^^^^^
   |
   = help: assign this const to a local or static variable, and use the variable here

error: a `const` item with interior mutability should not be borrowed
  --> tests/ui/borrow_interior_mutable_const/others.rs:87:5
   |
LL |     CELL.set(2);
   |     ^^^^
   |
   = help: assign this const to a local or static variable, and use the variable here

error: a `const` item with interior mutability should not be borrowed
  --> tests/ui/borrow_interior_mutable_const/others.rs:88:16
   |
LL |     assert_eq!(CELL.get(), 6);
   |                ^^^^
   |
   = help: assign this const to a local or static variable, and use the variable here

error: aborting due to 15 previous errors

