error: `mod.rs` files are required, found `src/bad/inner.rs`
  --> $DIR/bad/inner.rs:1:1
   |
LL | pub mod stuff;
   | ^
   |
   = help: move `src/bad/inner.rs` to `src/bad/inner/mod.rs`
   = note: `-D clippy::self-named-module-files` implied by `-D warnings`

error: `mod.rs` files are required, found `src/bad/inner/stuff.rs`
  --> $DIR/bad/inner/stuff.rs:1:1
   |
LL | pub mod most;
   | ^
   |
   = help: move `src/bad/inner/stuff.rs` to `src/bad/inner/stuff/mod.rs`

error: aborting due to 2 previous errors

