error: this operation will panic at runtime
  --> tests/ui/borrow_interior_mutable_const.rs:165:18
   |
LL |         let _ = &C[2];
   |                  ^^^^ index out of bounds: the length is 2 but the index is 2
   |
   = note: `#[deny(unconditional_panic)]` on by default

error: this operation will panic at runtime
  --> tests/ui/borrow_interior_mutable_const.rs:175:18
   |
LL |         let _ = &C[2];
   |                  ^^^^ index out of bounds: the length is 2 but the index is 2

error: borrow of a named constant with interior mutability
  --> tests/ui/borrow_interior_mutable_const.rs:32:17
   |
LL |         let _ = &C;
   |                 ^^
   |
   = help: this lint can be silenced by assigning the value to a local variable before borrowing
note: the lint level is defined here
  --> tests/ui/borrow_interior_mutable_const.rs:1:9
   |
LL | #![deny(clippy::borrow_interior_mutable_const)]
   |         ^^^^^^^^^^^^^^^^^^^^^^^^^^^^^^^^^^^^^

error: borrow of a named constant with interior mutability
  --> tests/ui/borrow_interior_mutable_const.rs:34:17
   |
LL |         let _ = C.get();
   |                 ^
   |
   = help: this lint can be silenced by assigning the value to a local variable before borrowing
   = note: there is a compiler inserted borrow here

error: borrow of a named constant with interior mutability
  --> tests/ui/borrow_interior_mutable_const.rs:39:17
   |
LL |         let _ = &C;
   |                 ^^
   |
   = help: this lint can be silenced by assigning the value to a local variable before borrowing

error: borrow of a named constant with interior mutability
  --> tests/ui/borrow_interior_mutable_const.rs:40:17
   |
LL |         let _ = &mut C;
   |                 ^^^^^^
   |
   = help: this lint can be silenced by assigning the value to a local variable before borrowing

error: borrow of a named constant with interior mutability
  --> tests/ui/borrow_interior_mutable_const.rs:44:9
   |
LL |         C.swap(&local)
   |         ^
   |
   = help: this lint can be silenced by assigning the value to a local variable before borrowing
   = note: there is a compiler inserted borrow here

error: borrow of a named constant with interior mutability
  --> tests/ui/borrow_interior_mutable_const.rs:49:17
   |
LL |         let _ = &C;
   |                 ^^
   |
   = help: this lint can be silenced by assigning the value to a local variable before borrowing

error: borrow of a named constant with interior mutability
  --> tests/ui/borrow_interior_mutable_const.rs:50:17
   |
LL |         let _ = &C[0];
   |                 ^^^^^
   |
   = help: this lint can be silenced by assigning the value to a local variable before borrowing

error: borrow of a named constant with interior mutability
  --> tests/ui/borrow_interior_mutable_const.rs:51:17
   |
LL |         let _ = &C[0].0;
   |                 ^^^^^^^
   |
   = help: this lint can be silenced by assigning the value to a local variable before borrowing

error: borrow of a named constant with interior mutability
  --> tests/ui/borrow_interior_mutable_const.rs:52:9
   |
LL |         C[0].0.set(1);
   |         ^^^^^^
   |
   = help: this lint can be silenced by assigning the value to a local variable before borrowing
   = note: there is a compiler inserted borrow here

error: borrow of a named constant with interior mutability
  --> tests/ui/borrow_interior_mutable_const.rs:67:17
   |
LL |         let _ = &S::C;
   |                 ^^^^^
   |
   = help: this lint can be silenced by assigning the value to a local variable before borrowing

error: borrow of a named constant with interior mutability
  --> tests/ui/borrow_interior_mutable_const.rs:68:17
   |
LL |         let _ = &S::C.0;
   |                 ^^^^^^^
   |
   = help: this lint can be silenced by assigning the value to a local variable before borrowing

error: borrow of a named constant with interior mutability
  --> tests/ui/borrow_interior_mutable_const.rs:69:9
   |
LL |         S::C.set(1);
   |         ^^^^
   |
   = help: this lint can be silenced by assigning the value to a local variable before borrowing
   = note: there is a compiler inserted call to `Deref::deref` here

error: borrow of a named constant with interior mutability
  --> tests/ui/borrow_interior_mutable_const.rs:70:18
   |
LL |         let _ = &*S::C;
   |                  ^^^^^
   |
   = help: this lint can be silenced by assigning the value to a local variable before borrowing
   = note: this deref expression is a call to `Deref::deref`

error: borrow of a named constant with interior mutability
  --> tests/ui/borrow_interior_mutable_const.rs:71:9
   |
LL |         (*S::C).set(1);
   |         ^^^^^^^
   |
   = help: this lint can be silenced by assigning the value to a local variable before borrowing
   = note: this deref expression is a call to `Deref::deref`

error: borrow of a named constant with interior mutability
  --> tests/ui/borrow_interior_mutable_const.rs:82:17
   |
LL |         let _ = &CELL;
   |                 ^^^^^
   |
   = help: this lint can be silenced by assigning the value to a local variable before borrowing

error: borrow of a named constant with interior mutability
  --> tests/ui/borrow_interior_mutable_const.rs:106:25
   |
LL |                 let _ = &Self::C;
   |                         ^^^^^^^^
   |
   = help: this lint can be silenced by assigning the value to a local variable before borrowing

error: borrow of a named constant with interior mutability
  --> tests/ui/borrow_interior_mutable_const.rs:109:25
   |
LL |                 let _ = &Self::C.cell;
   |                         ^^^^^^^^^^^^^
   |
   = help: this lint can be silenced by assigning the value to a local variable before borrowing

error: borrow of a named constant with interior mutability
  --> tests/ui/borrow_interior_mutable_const.rs:110:25
   |
LL |                 let _ = &Self::C.cell.0;
   |                         ^^^^^^^^^^^^^^^
   |
   = help: this lint can be silenced by assigning the value to a local variable before borrowing

error: borrow of a named constant with interior mutability
  --> tests/ui/borrow_interior_mutable_const.rs:111:17
   |
LL |                 Self::C.cell.0.set(T::DEFAULT);
   |                 ^^^^^^^^^^^^^^
   |
   = help: this lint can be silenced by assigning the value to a local variable before borrowing
   = note: there is a compiler inserted borrow here

error: borrow of a named constant with interior mutability
  --> tests/ui/borrow_interior_mutable_const.rs:125:17
   |
LL |         let _ = &u32::VALUE;
   |                 ^^^^^^^^^^^
   |
   = help: this lint can be silenced by assigning the value to a local variable before borrowing

error: borrow of a named constant with interior mutability
  --> tests/ui/borrow_interior_mutable_const.rs:142:21
   |
LL |             let _ = &<u32 as Trait<T>>::VALUE;
   |                     ^^^^^^^^^^^^^^^^^^^^^^^^^
   |
   = help: this lint can be silenced by assigning the value to a local variable before borrowing

error: borrow of a named constant with interior mutability
  --> tests/ui/borrow_interior_mutable_const.rs:156:17
   |
LL |         let _ = &C;
   |                 ^^
   |
   = help: this lint can be silenced by assigning the value to a local variable before borrowing

error: borrow of a named constant with interior mutability
  --> tests/ui/borrow_interior_mutable_const.rs:157:18
   |
LL |         let _ = &C[0];
   |                  ^^^^
   |
   = help: this lint can be silenced by assigning the value to a local variable before borrowing
   = note: this index expression is a call to `Index::index`

error: borrow of a named constant with interior mutability
  --> tests/ui/borrow_interior_mutable_const.rs:158:17
   |
LL |         let _ = &C.0[0];
   |                 ^^^^^^^
   |
   = help: this lint can be silenced by assigning the value to a local variable before borrowing

error: borrow of a named constant with interior mutability
  --> tests/ui/borrow_interior_mutable_const.rs:174:17
   |
LL |         let _ = &C[1];
   |                 ^^^^^
   |
   = help: this lint can be silenced by assigning the value to a local variable before borrowing

error: borrow of a named constant with interior mutability
  --> tests/ui/borrow_interior_mutable_const.rs:178:21
   |
LL |             let _ = &C[i];
   |                     ^^^^^
   |
   = help: this lint can be silenced by assigning the value to a local variable before borrowing

error: aborting due to 28 previous errors

