Using config file `DIR/clippy.toml`
Warning: `DIR/clippy.toml` will be ignored.
